00001 0001            P      EQU       1
00002 0002            N      EQU       2
00003 0000            Z      EQU       0
00004 0002            LCOM   EQU       02H
00005 0001            CAR    EQU       01H
00006 0080            SENS   EQU       80H
00007 0040            FLAG   EQU       40H
00008 0020            II     EQU       20H
00009 0020            IDC    EQU       20H
00010 0004            OVF    EQU       04H
00011 0003            UN     EQU       3
00012 0000            EQ     EQU       0
00013 0002            LT     EQU       2
00014 0001            GT     EQU       1
00015 0008            WC     EQU       08H
00016 0010            RS     EQU       10H
00017 0020            SPAC   EQU       20H
00018 0001            BMAX   EQU       1
00019 007f            DELE   EQU       7FH
00020 000d            CR     EQU       13
00021 000a            LF     EQU       10
00022 0014            BLEN   EQU       20
00023 0000            STAR   EQU       ':'
00024                         *
00025 0000                   ORG       0          ;Zero mark vector and 0
00026 0000 07 3f      INIT   LODI,R3   63
00027 0002 20                EORZ      R0
00028 0003 cc 00 00   AINI   STRA,R0   COM,R3,-
00029 0006 5b 00             BRNR,R3   AINI
00030 0008 04 77             LODI,R0   77H
00031 000a cc 00 00          STRA,R0   XGOT
00032 000d 04 1b             LODI,R0   1BH
00033 000f cc 00 00          STRA,R0   XGOT+2
00034 0012 04 80             LODI,R0   80H
00035 0014 cc 00 00          STRA,R0   XGOT+3
00036 0017 18 00             BCTR,UN   MBUG
00037 0019 00 00      VEC    DW        BK01      ; Breakpoint vector
00038 001b 00 00             DW        BK02
00039                         *
00040                         * COMMAND HANDLER
00041 001d 04 00      EBUG   LODI,R0   '?'
00042 001f 3c 00 00          BSTA,UN   COUT
00043 0022 79 ff      MBUG   CPSL      0FFH
00044 0024 3c 00 00          BSTA,UN   CRLF
00045 0027 04 00             LODI,R0   '*'
00046 0029 3c 00 00          BSTA,UN   COUT
00047 002c 38 00             BSTR,UN   LINE      ; Don't care if there is
00048 002e 20                EORZ      R0
00049 002f cc 00 00          STRA,R0   BPTR
00050 0032 0c 00 72          LODA,R0   BUFF
00051 0035 e4 00             COMI,R0   'A'
00052 0037 1c 00 00          BCTA,EQ   ALTE
00053 003a e4 00             COMI,R0   'B'
00054 003c 1c 00 00          BCTA,EQ   BKPT
00055 003f e4 00             COMI,R0   'C'
00056 0041 1c 00 00          BCTA,EQ   CLR
00057 0044 e4 00             COMI,R0   'D'
00058 0046 1c 00 00          BCTA,EQ   DUMP
00059 0049 e4 00             COMI,R0   'G'
00060 004b 1c 00 00          BCTA,EQ   GOTO
00061 004e e4 00             COMI,R0   'L'
00062 0050 1c 00 00          BCTA,EQ   LOAD
00063 0053 e4 00             COMI,R0   'S'
00064 0055 1c 00 00          BCTA,EQ   SREG
00065 0058 1c 00 00          BCTA,UN   EBUG
00066                         * Input a CMD line into buffer
00067                         * Code is 1=CR  2=LF  3=MSG+CR  4=MSG+LF
00068 005b 07 ff      LINE   LODI,R3   0FFH      ; -1
00069 005d cf 00 00          STRA,R3   BPTR
00070 0060 e7 00      LLIN   COMI,R3   BLEN
00071 0062 18 00             BCTR,EQ   ELIN      ; On buffer overflow
00072 0064 3c 00 00          BSTA,UN   CHIN      ; Get char
00073 0067 e4 00             COMI,R0   DELE
00074 0069 98 00             BCFR,EQ   ALIN
00075 006b e7 ff             COMI,R3   0FFH      ; -1 Echo and back ptr
00076 006d 18 00             BCTR,EQ   LLIN
00077 006f 0c 00 00          LODA,R0   BUFF,R3
00078 0072 3c 00 70          BSTA,UN   COUT
00079 0075 a7 01             SUBI,R3   1
00080 0077 18 00             BCTR,UN   LLIN
00081 0079 e4 00      ALIN   COMI,R0   CR
00082 007b 98 00             BCFR,EQ   BLIN
00083 007d 05 01      ELIN   LODI,R1   1
00084 007f 03         CLIN   LODZ      R3
00085 0080 18 00             BCTR,N    DLIN
00086 0082 85 02             ADDI,R1   2
00087 0084 cd 00 00   DLIN   STRA,R1   CODE
00088 0087 cf 00 00          STRA,R3   CNT
00089 008a 04 00      CRLF   LODI,R0   CR
00090 008c 3c 00 00          BSTA,UN   COUT
00091 008f 04 00             LODI,R0   LF
00092 0091 3c 00 00          BSTA,UN   COUT
00093 0094 14                RETC,UN
00094 0095 05 02      BLIN   LODI,R1   2
00095 0097 e4 00             COMI,R0   LF
00096 0099 18 00             BCTR,EQ   CLIN
00097 009b cc 00 00          STRA,R0   BUFF,R3,+ ; Store char and echo
00098 009e 3c 00 6f          BSTA,UN   COUT
00099 00a1 1c 00 6f          BCTA,UN   LLIN
00100                         *
00101                         * Subr that stores double precision into temp
00102 00a4 cd 00 00   STRT   STRA,R1   TEMP
00103 00a7 ce 00 00          STRA,R2   TEMP+1
00104 00aa 14                RETC,UN
00105                         * Display and alter memory
00106 00ab 3c 00 00   ALTE   BSTA,UN   GNUM
00107 00ae 38 00      LALT   BSTR,UN   STRT
00108 00b0 3c 00 00          BSTA,UN   BOUT
00109 00b3 0d 00 00          LODA,R1   TEMP+1
00110 00b6 3c 00 00          BSTA,UN   BOUT
00111 00b9 3c 00 00          BSTA,UN   FORM
00112 00bc 0d 00 00          LODA,R1   *TEMP     ; Display content
00113 00bf 3c 00 00          BSTA,UN   BOUT
00114 00c2 3c 00 00          BSTA,UN   FORM
00115 00c5 3c 00 00          BSTA,UN   LINE
00116 00c8 0c 00 00          LODA,R0   CODE
00117 00cb e4 02             COMI,R0   2
00118 00cd 1d 00 00          BCTA,LT   MBUG
00119 00d0 18 00             BCTR,EQ   DALT
00120 00d2 cc 00 00   CALT   STRA,R0   TEMR
00121 00d5 3c 00 00          BSTA,UN   GNUM
00122 00d8 ce 00 00          STRA,R2   *TEMP     ; Update contents
00123 00db 0c 00 00          LODA,R0   TEMR
00124 00de e4 04             COMI,R0   4
00125 00e0 9c 00 00          BCFA,EQ   MBUG
00126 00e3 06 01      DALT   LODI,R2   1
00127 00e5 ce 00 00          ADDA,R2   TEMP+1
00128 00e8 05 00             LODI,R1   0
00129 00ea 77 00             PPSL      WC
00130 00ec cd 00 00          ADDA,R1   TEMP
00131 00ef 79 00             CPSL      WC
00132 00f1 1c 00 00          BCTA,UN   LALT
00133                         * Selectively display and alter registers
00134 00f4 3c 00 00   SREG   BSTA,UN   GNUM      ; Get index of reg
00135 00f7 e6 08      LSRE   COMI,R2   8         ; Check range
00136 00f9 1e 00 00          BCTA,GT   EBUG
00137 00fc ce 00 00          STRA,R2   TEMR
00138 00ff 0c 00 00          LODA,R0   COM,R2    ; Display contents
00139 0102 c1                STRZ      R1
00140 0103 3c 00 00          BSTA,UN   BOUT
00141 0106 3c 00 00          BSTA,UN   FORM
00142 0109 3c 00 00          BSTA,UN   LINE
00143 010c 0c 00 00          LODA,R0   CODE
00144 010f e4 02             COMI,R0   2
00145 0111 1d 00 00          BCTA,LT   MBUG      ; CR
00146 0114 18 00             BCTR,EQ   CSRE      ; LF
00147 0116 cc 00 00   ASRE   STRA,R0   TEMQ      ; Upate contents, then
00148 0119 3c 00 68          BSTA,UN   GNUM
00149 011c 02                LODZ      R2
00150 011d 0e 00 00          LODA,R2   TEMR
00151 0120 cc 00 68          STRA,R0   COM,R2
00152 0123 e6 08             COMI,R2   8         ; Must update PSW lower
00153 0125 98 00             BCFR,EQ   BSRE
00154 0127 cc 00 72          STRA,R0   XGOT+1
00155 012a 0c 00 6f   BSRE   LODA,R0   TEMQ
00156 012d e4 03             COMI,R0   3
00157 012f 1c 00 00          BCTA,EQ   MBUG
00158 0132 0e 00 00   CSRE   LODA,R2   TEMR
00159 0135 86 01             ADDI,R2   1
00160 0137 1c 00 00          BCTA,UN   LSRE
00161                         * Goto Address
00162 013a 3c 00 00   GOTO   BSTA,UN   GNUM
00163 013d 3c 00 00          BSTA,UN   STRT      ; Put addr in RAM
00164 0140 0c 00 00          LODA,R0   COM+7
00165 0143 92                LPSU
00166 0144 0d 00 00          LODA,R1   COM+1     ; Bank zero
00167 0147 0e 00 00          LODA,R2   COM+2
00168 014a 0f 00 00          LODA,R3   COM+3
00169 014d 77 00             PPSL      RS        ; Bank one
00170 014f 0d 00 00          LODA,R1   COM+4
00171 0152 0e 00 00          LODA,R2   COM+5
00172 0155 0f 00 00          LODA,R3   COM+6
00173 0158 0c 00 00          LODA,R0   COM
00174 015b 79 ff             CPSL      0FFH
00175 015d 1c 00 00          BCTA,UN   XGOT      ; and BCTA,UN $TEMP
00176                         *
00177                         * Breakpoint Runtime Code
00178 0160 cc 00 00   BK01   STRA,R0   COM       ; Entry for BKPT-1 VIA V
00179 0163 13                SPSL
00180 0164 cc 00 56          STRA,R0   COM+8
00181 0167 cc 00 65          STRA,R0   XGOT+1    ; In RAM for reg restore
00182 016a 04 00             LODI,R0   0         ; BKPT index
00183 016c 18 00             BCTR,UN   BKEN
00184 016e cc 00 00   BK02   STRA,R0   COM       ; Entry for BKPT-2
00185 0171 13                SPSL
00186 0172 cc 00 00          STRA,R0   COM+8
00187 0175 cc 00 65          STRA,R0   XGOT+1
00188 0178 04 01             LODI,R0   1
00189 017a cc 00 00   BKEN   STRA,R0   TEMR
00190 017d 12                SPSU
00191 017e cc 00 00          STRA,R0   COM+7
00192 0181 77 00             PPSL      RS
00193 0183 cd 00 00          STRA,R1   COM+4
00194 0186 ce 00 00          STRA,R2   COM+5
00195 0189 cf 00 00          STRA,R3   COM+6
00196 018c 79 00             CPSL      RS        ; Force to bank zero
00197 018e cd 00 00          STRA,R1   COM+1
00198 0191 ce 00 00          STRA,R2   COM+2
00199 0194 cf 00 6f          STRA,R3   COM+3
00200 0197 0e 00 6f          LODA,R2   TEMR
00201 019a 38 00             BSTR,UN   CLBK
00202 019c 0d 00 00          LODA,R1   TEMP      ; Print BKPT addr
00203 019f 3c 00 00          BSTA,UN   BOUT
00204 01a2 0d 00 00          LODA,R1   TEMP+1
00205 01a5 3c 00 00          BSTA,UN   BOUT
00206 01a8 1c 00 00          BCTA,UN   MBUG
00207                         * Subr to clear a BKPT  Like many subr has rel addr
00208 01ab 20         CLBK   EORZ      R0
00209 01ac cc 00 20          STRA,R0   MARK,R2
00210 01af 0c 00 00          LODA,R0   HADR,R2
00211 01b2 cc 00 00          STRA,R0   TEMP
00212 01b5 0c 00 00          LODA,R0   LADR,R2
00213 01b8 cc 00 00          STRA,R0   TEMP+1
00214 01bb 0c 00 00          LODA,R0   HDAT,R2
00215 01be cc 00 00          STRA,R0   *TEMP
00216 01c1 0c 00 00          LODA,R0   LDAT,R2
00217 01c4 07 01             LODI,R3   1
00218 01c6 cc 00 00          STRA,R0   *TEMP,R3
00219 01c9 14                RETC,UN
00220                         * Break point  Mark indicates if set
00221                         * HADR +LADR is BKPT addr,  HDAT + LDAT is two byte
00222 01ca 38 00      CLR    BSTR,UN   NOK
00223 01cc 0c 00 00          LODA,R0   MARK,R2   ; Clear it if set
00224 01cf 1c 00 00          BCTA,Z    EBUG
00225 01d2 38 00             BSTR,UN   CLBK
00226 01d4 1c 00 00          BCTA,UN   MBUG
00227 01d7 3c 00 00   NOK    BSTA,UN   GNUM      ; Check range on BKPT number
00228 01da a6 01             SUBI,R2   1
00229 01dc 1c 00 6e          BCTA,N    ABRT
00230 01df e6 00             COMI,R2   BMAX
00231 01e1 1e 00 62          BCTA,GT   ABRT
00232 01e4 14                RETC,UN
00233 01e5 38 00      BKPT   BSTR,UN   NOK
00234 01e7 0c 00 00          LODA,R0   MARK,R2
00235 01ea bc 00 00          BSFA,Z    CLBK      ; Clear existing
00236 01ed ce 00 00          STRA,R2   TEMR
00237 01f0 3c 00 00          BSTA,UN   GNUM      ; Get BKPT addr
00238 01f3 3c 00 6e          BSTA,UN   STRT      ; Subr to store r1-r2 in
00239 01f6 0f 00 00          LODA,R3   TEMR
00240 01f9 02                LODZ      R2
00241 01fa cc 00 72          STRA,R0   LADR,R3
00242 01fd 01                LODZ      R1
00243 01fe cc 00 00          STRA,R0   HADR,R3
00244 0201 0c 00 00          LODA,R0   *TEMP     ; Save contents
00245 0204 cc 00 00          STRA,R0   HDAT,R3
00246 0207 05 9b             LODI,R1   9BH       ; = ZBBR
00247 0209 cd 00 00          STRA,R1   *TEMP
00248 020c 06 01             LODI,R2   1
00249 020e 0c 00 00          LODA,R0   *TEMP,R2
00250 0211 cc 00 00          STRA,R0   LDAT,R3
00251 0214 0c 00 00          LODA,R0   DISP,R3
00252 0217 cc 00 00          STRA,R0   *TEMP,R2
00253 021a 04 ff             LODI,R0   0FFH      ; -1
00254 021c cc 00 00          STRA,R0   MARK, R3
00255 021f 1c 00 00          BCTA,UN   MBUG
00256 0222 00         DISP   DB        VEC+80H
00257 0223 00                DB        VEC+80H+2
00258                         *
00259                         * Input two hex chars and form as byte in R1
00260 0224 3c 00 00   BIN    BSTA,UN   CHIN
00261 0227 38 00             BSTR,UN   LKUP
00262 0229 d3                RRL,R3
00263 022a d3                RRL,R3
00264 022b d3                RRL,R3
00265 022c d3                RRL,R3
00266 022d cf 00 00          STRA,R3   TEMS
00267 0230 3c 00 00          BSTA,UN   CHIN
00268 0233 38 00             BSTR,UN   LKUP
00269 0235 6f 00 00          IORA,R3   TEMS
00270 0238 03                LODZ      R3
00271 0239 c1                STRZ      R1
00272 023a 38 00             BSTR,UN   CBCC
00273 023c 14                RETC,UN
00274                         * Calculate the BCC char, EOR and then rotate left
00275 023d 01         CBCC   LODZ      R1
00276 023e 2c 00 6c          EORA,R0   BCC
00277 0241 d0                RRL,R0
00278 0242 cc 00 00          STRA,R0   BCC
00279 0245 14                RETC,UN
00280                         * Lookup ASCII char in hex value table
00281 0246 07 10      LKUP   LODI,R3   16
00282 0248 ec 00 00   ALKU   COMA,R0   ANSI,R3,-
00283 024b 14                RETC,EQ
00284 024c e7 01             COMI,R3   1
00285 024e 99 00             BCFR,LT   ALKU
00286                         * Abort exit from any level of subr
00287                         * Use RAS ptr since possible BKPT prog using it
00288 0250 0c 00 74   ABRT   LODA,R0   COM+7
00289 0253 64 40             IORI,R0   40H
00290 0255 12                SPSU
00291 0256 1c 00 00          BCTA,UN   EBUG
00292 0259 00         ANSI   DB        '0123'
00293 025a 00                DB        '4567'
00294 025b 00                DB        '89AB'
00295 025c 00                DB        'CDEF'
00296                         * Byte in R1 output in hex
00297 025d cd 00 00   BOUT   STRA,R1   TEMS
00298 0260 38 00             BSTR,UN   CBCC
00299 0262 51                RRR,R1
00300 0263 51                RRR,R1
00301 0264 51                RRR,R1
00302 0265 51                RRR,R1
00303 0266 45 0f             ANDI,R1   0FH
00304 0268 0c 00 00          LODA,R0   ANSI,R1
00305 026b 3c 00 00          BSTA,UN   COUT
00306 026e 0d 00 00          LODA,R1   TEMS
00307 0271 45 0f             ANDI,R1   0FH
00308 0273 0c 00 00          LODA,R0   ANSI,R1
00309 0276 3c 00 00          BSTA,UN   COUT
00310 0279 14                RETC,UN
00311                         * 110 baud input for papertape and char  1Mhz clock
00312 027a 77 00      CHIN   PPSL      RS
00313 027c 04 80             LODI,R0   80H
00314 027e b0                WRTC,R0
00315 027f 05 00             LODI,R1   0
00316 0281 06 08             LODI,R2   8
00317 0283 12         ACHI   SPSU
00318 0284 19 00             BCTR,LT   CHIN
00319 0286 20                EORZ      R0
00320 0287 b0                WRTC,R0
00321 0288 38 00             BSTR,UN   DLY
00322 028a 38 00      BCHI   BSTR,UN   DLAY
00323 028c 12                SPSU
00324 028d 44 80             ANDI,R0   80H
00325 028f 51                RRR,R1
00326 0290 61                IORZ      R1
00327 0291 c1                STRZ      R1
00328 0292 fa 00             BDRR,R2   BCHI
00329 0294 38 00             BSTR,UN   DLAY
00330 0296 45 7f             ANDI,R1   7FH       ; Delete parity bit
00331 0298 01                LODZ      R1
00332 0299 79 00             CPSL      RS+WC
00333 029b 14                RETC,UN
00334                         * Delay for one bit time
00335 029c 20         DLAY   EORZ      R0
00336 029d f8 00             BDRR,R0   $
00337 029f f8 00             BDRR,R0   $
00338 02a1 f8 00      DLY    BDRR,R0   $
00339 02a3 04 e5             LODI,R0   0E5H
00340 02a5 f8 00             BDRR,R0   $
00341 02a7 14                RETC,UN
00342                         *
00343 02a8 77 00      COUT   PPSL      RS
00344 02aa 76 00             PPSU      FLAG
00345 02ac c2                STRZ      R2
00346 02ad 05 08             LODI,R1   8
00347 02af 38 00             BSTR,UN   DLAY
00348 02b1 38 00             BSTR,UN   DLAY
00349 02b3 78 00             CPSU      FLAG
00350 02b5 38 00      ACOU   BSTR,UN   DLAY
00351 02b7 52                RRR,R2
00352 02b8 19 00             BCTR,LT   ONE
00353 02ba 78 00             CPSU      FLAG
00354 02bc 18 00             BCTR,UN   ZERO
00355 02be 76 00      ONE    PPSU      FLAG
00356 02c0 f9 00      ZERO   BDRR,R1   ACOU
00357 02c2 38 00             BSTR,UN   DLAY
00358 02c4 76 00             PPSU      FLAG
00359 02c6 79 00             CPSL      RS
00360 02c8 14                RETC,UN
00361                         *
00362                         * Get a number from the buffer into R1 - R2
00363 02c9 0c 00 00   DNUM   LODA,R0   CODE
00364 02cc 18 00             BCTR,Z    LNUM      ; Skip spaces until EOB
00365 02ce 14                RETC,UN             ; or space ending number
00366 02cf 20         GNUM   EORZ      R0
00367 02d0 c1                STRZ      R1
00368 02d1 c2                STRZ      R2
00369 02d2 cc 00 72          STRA,R0   CODE
00370 02d5 0f 00 00   LNUM   LODA,R3   BPTR
00371 02d8 ef 00 00          COMA,R3   CNT       ; Check for EOB
00372 02db 14                RETC,EQ
00373 02dc 0c 00 00          LODA,R0   BUFF,R3,+ ; Get char
00374 02df cf 00 00          STRA,R3   BPTR
00375 02e2 e4 00             COMI,R0   SPAC
00376 02e4 18 00             BCTR,EQ   DNUM
00377 02e6 3c 00 00   BNUM   BSTA,UN   LKUP
00378 02e9 04 0f      CNUM   LODI,R0   0FH       ; R1=AB R2=DD
00379 02eb d2                RRL,R2
00380 02ec d2                RRL,R2
00381 02ed d2                RRL,R2
00382 02ee d2                RRL,R2
00383 02ef 42                ANDZ      R2
00384 02f0 d1                RRL,R1
00385 02f1 d1                RRL,R1
00386 02f2 d1                RRL,R1
00387 02f3 d1                RRL,R1
00388 02f4 45 00             ANDI,R1   0F0H;
00389 02f6 46 f0             ANDI,R2   0F0H      ; R0=C R1=B0 R2=D0 R3=V
00390 02f8 61                IORZ      R1
00391 02f9 c1                STRZ      R1
00392 02fa 03                LODZ      R3
00393 02fb 62                IORZ      R2
00394 02fc c2                STRZ      R2        ; R1=BC R2=DV
00395 02fd 04 01             LODI,R0   1
00396 02ff cc 00 00          STRA,R0   CODE
00397 0302 18 00             BCTR,UN   LNUM
00398                         * Dump to paper tape in object format
00399 0304 38 00      DUMP   BSTR,UN   GNUM      ; Start address
00400 0306 3c 00 00          BSTA,UN   STRT
00401 0309 38 00             BSTR,UN   GNUM
00402 030b 86 01             ADDI,R2   1
00403 030d 77 00             PPSL      WC
00404 030f 85 00             ADDI,R1   0
00405 0311 79 00             CPSL      WC        ; Make end addr not incl
00406 0313 cd 00 00          STRA,R1   TEMQ
00407 0316 ce 00 20          STRA,R2   TEMQ+1
00408 0319 38 00      FDUM   BSTR,UN   GAP
00409 031b 04 ff             LODI,R0   0FFH      ; -1
00410 031d cc 00 00          STRA,R0   CNT
00411 0320 3c 00 72          BSTA,UN   CRLF      ; Punch for CR/LF and star
00412 0323 04 00             LODI,R0   STAR
00413 0325 3c 00 00          BSTA,UN   COUT
00414 0328 20                EORZ      R0
00415 0329 cc 00 72          STRA,R0   BCC
00416 032c 0d 00 00          LODA,R1   TEMQ
00417 032f 0e 00 00          LODA,R2   TEMQ+1
00418 0332 ae 00 00          SUBA,R2   TEMP+1    ; Get byte count
00419 0335 77 00             PPSL      WC
00420 0337 ad 00 00          SUBA,R1   TEMP
00421 033a 79 00             CPSL      WC
00422 033c 1c 00 00          BCTA,N    EBUG      ; Start > end addr
00423 033f 18 00             BCTR,P    ADUM      ; Cnt > normal block size
00424 0341 5a 00             BRNR,R2   BDUM      ; This is short block
00425 0343 07 04             LODI,R3   4         ; EOF. Punch zero blk
00426 0345 3c 00 6b   CDUM   BSTA,UN   BOUT
00427 0348 fb 00             BDRR,R3   CDUM
00428 034a 38 00             BSTR,UN   GAP
00429 034c 1c 00 00          BCTA,UN   MBUG
00430                         * Subrs for outputting blanks
00431 034f 07 03      FORM   LODI,R3   3
00432 0351 18 00             BCTR,UN   AGAP
00433 0353 07 32      GAP    LODI,R3   50
00434 0355 04 00      AGAP   LODI,R0   SPAC
00435 0357 3c 00 00          BSTA,UN   COUT
00436 035a fb 00             BDRR,R3   AGAP
00437 035c 14                RETC,UN
00438 035d 06 ff      ADUM   LODI,R2   255
00439 035f ce 00 00   BDUM   STRA,R2   MCNT
00440 0362 0d 00 00          LODA,R1   TEMP      ; Starting address
00441 0365 3c 00 00          BSTA,UN   BOUT
00442 0368 0d 00 00          LODA,R1   TEMP+1
00443 036b 3c 00 00          BSTA,UN   BOUT
00444 036e 0d 00 6e          LODA,R1   MCNT      ; Count of data bytes in
00445 0371 3c 00 00          BSTA,UN   BOUT
00446 0374 0d 00 00          LODA,R1   BCC
00447 0377 3c 00 65          BSTA,UN   BOUT
00448 037a 0f 00 6e   DDUM   LODA,R3   CNT
00449 037d 0c 00 00          LODA,R0   *TEMP,R3,+
00450 0380 ef 00 00          COMA,R3   MCNT
00451 0383 18 00             BCTR,EQ   EDUM      ; Output BCC
00452 0385 cf 00 00          STRA,R3   CNT
00453 0388 c1                STRZ      R1
00454 0389 3c 00 00          BSTA,UN   BOUT
00455 038c 18 00             BCTR,UN   DDUM
00456 038e 0d 00 00   EDUM   LODA,R1   BCC
00457 0391 3c 00 00          BSTA,UN   BOUT
00458 0394 0e 00 00          LODA,R2   TEMP+1
00459 0397 ce 00 00          ADDA,R2   MCNT
00460 039a 05 00             LODI,R1   0
00461 039c 77 00             PPSL      WC
00462 039e cd 00 00          ADDA,R1   TEMP
00463 03a1 79 00             CPSL      WC
00464 03a3 3c 00 00          BSTA,UN   STRT
00465 03a6 1c 00 00          BCTA,UN   FDUM
00466                         * Load from papertape in object format
00467 03a9 3c 00 00   LOAD   BSTA,UN   CHIN      ; Look for start char
00468 03ac e4 00             COMI,R0   STAR
00469 03ae 98 00             BCFR,EQ   LOAD
00470 03b0 20                EORZ      R0
00471 03b1 cc 00 61          STRA,R0   BCC
00472 03b4 3c 00 6e          BSTA,UN   BIN       ; Read addr and count in
00473 03b7 cd 00 00          STRA,R1   TEMP
00474 03ba 3c 00 00          BSTA,UN   BIN
00475 03bd cd 00 6e          STRA,R1   TEMP+1
00476 03c0 3c 00 6e          BSTA,UN   BIN
00477 03c3 59 00             BRNR,R1   ALOA
00478 03c5 1c 00 00          BCTA,UN   *TEMP
00479 03c8 cd 00 00   ALOA   STRA,R1   MCNT
00480 03cb 3c 00 6e          BSTA,UN   BIN       ; Check BCC on information
00481 03ce 0c 00 00          LODA,R0   BCC
00482 03d1 9c 00 00          BCFA,Z    EBUG
00483 03d4 c3                STRZ      R3        ; Read data
00484 03d5 cf 00 6e   BLOA   STRA,R3   CNT
00485 03d8 3c 00 00          BSTA,UN   BIN
00486 03db 0f 00 00          LODA,R3   CNT
00487 03de ef 00 00          COMA,R3   MCNT
00488 03e1 18 00             BCTR,EQ   CLOA      ; Have read BCC
00489 03e3 01                LODZ      R1
00490 03e4 cc 00 00          STRA,R0   *TEMP,R3  ; Store data
00491 03e7 db 00             BIRR,R3   BLOA
00492 03e9 0c 00 00   CLOA   LODA,R0   BCC
00493 03ec 9c 00 00          BCFA,Z    EBUG
00494 03ef 1c 00 00          BCTA,UN   LOAD
00495                         *
00496 0400                   ORG       0400H
00497                         *******     RAM Definitions
00498 03f2            COM    DS        9
00499 03fb            XGOT   DS        2         ; PPSL      0
00500 03fd                   DS        2         ; BCTR,UN   *$+2
00501                                                    ; Must precede the TEMP
00502 03ff            TEMP   DS        2
00503 0401            TEMQ   DS        2
00504 0403            TEMR   DS        1
00505 0404            TEMS   DS        1
00506 0405            BUFF   DS        BLEN
00507 0405            BPTR   DS        1
00508 0406            MCNT   DS        1
00509 0407            CNT    DS        1
00510 0408            CODE   DS        1
00511 0409            OKGO   DS        1
00512 040a            BCC    DS        1
00513 040b            MARK   DS        BMAX+1
00514 040b            HDAT   DS        BMAX+1
00515 040b            LDAT   DS        BMAX+1
00516 040b            HADR   DS        BMAX+1
00517 040b            LADR   DS        BMAX+1
00518 040b            END
