    1 0001               P      EQU       1
    2 0002               N      EQU       2
    3 0000               Z      EQU       0
    4 0002               LCOM   EQU       02H
    5 0001               CAR    EQU       01H
    6 0080               SENS   EQU       80H
    7 0040               FLAG   EQU       40H
    8 0020               II     EQU       20H
    9 0020               IDC    EQU       20H
   10 0004               OVF    EQU       04H
   11 0003               UN     EQU       3
   12 0000               EQ     EQU       0
   13 0002               LT     EQU       2
   14 0001               GT     EQU       1
   15 0008               WC     EQU       08H
   16 0010               RS     EQU       10H
   17 0020               SPAC   EQU       20H
   18 0001               BMAX   EQU       1
   19 007f               DELE   EQU       7FH
   20 000d               CR     EQU       13
   21 000a               LF     EQU       10
   22 0014               BLEN   EQU       20
   23 0000               STAR   EQU       ':'
   24
   25 0000                      ORG       0          ;Zero mark vector and 0
   26 0000 07 3f         INIT   LODI,R3   63

   27 0002 20                   EORZ      R0

   28 0003 cc 00 00      AINI   STRA,R0   COM,R3,-

   29 0006 5b 00                BRNR,R3   AINI

   30 0008 04 77                LODI,R0   77H

   31 000a cc 00 00             STRA,R0   XGOT

   32 000d 04 1b                LODI,R0   1BH

   33 000f cc 00 00             STRA,R0   XGOT+2

   34 0012 04 80                LODI,R0   80H

   35 0014 cc 00 00             STRA,R0   XGOT+3

   36 0017 18 00                BCTR,UN   MBUG

   37 0019 00 00         VEC    DW        BK01      ; Breakpoint vector

   38 001b 00 00                DW        BK02

   39
   40
   41 001d 04 00         EBUG   LODI,R0   '?'

   42 001f 3c 00 00             BSTA,UN   COUT

   43 0022 79 ff         MBUG   CPSL      0FFH

   44 0024 3c 00 00             BSTA,UN   CRLF

   45 0027 04 00                LODI,R0   '*'

   46 0029 3c 00 00             BSTA,UN   COUT

   47 002c 38 00                BSTR,UN   LINE      ; Don't care if there is

   48 002e 20                   EORZ      R0

   49 002f cc 00 00             STRA,R0   BPTR

   50 0032 0c 00 00             LODA,R0   BUFF

   51 0035 e4 00                COMI,R0   'A'

   52 0037 1c 00 00             BCTA,EQ   ALTE

   53 003a e4 00                COMI,R0   'B'

   54 003c 1c 00 00             BCTA,EQ   BKPT

   55 003f e4 00                COMI,R0   'C'

   56 0041 1c 00 00             BCTA,EQ   CLR

   57 0044 e4 00                COMI,R0   'D'

   58 0046 1c 00 00             BCTA,EQ   DUMP

   59 0049 e4 00                COMI,R0   'G'

   60 004b 1c 00 00             BCTA,EQ   GOTO

   61 004e e4 00                COMI,R0   'L'

   62 0050 1c 00 00             BCTA,EQ   LOAD

   63 0053 e4 00                COMI,R0   'S'

   64 0055 1c 00 00             BCTA,EQ   SREG

   65 0058 1c 00 00             BCTA,UN   EBUG

   66
   67
   68 005b 07 ff         LINE   LODI,R3   0FFH      ; -1

   69 005d cf 00 00             STRA,R3   BPTR

   70 0060 e7 00         LLIN   COMI,R3   BLEN

   71 0062 18 00                BCTR,EQ   ELIN      ; On buffer overflow

   72 0064 3c 00 00             BSTA,UN   CHIN      ; Get char

   73 0067 e4 00                COMI,R0   DELE

   74 0069 98 00                BCFR,EQ   ALIN

   75 006b e7 ff                COMI,R3   0FFH      ; -1 Echo and back ptr

   76 006d 18 00                BCTR,EQ   LLIN

   77 006f 0c 00 00             LODA,R0   BUFF,R3

   78 0072 3c 00 00             BSTA,UN   COUT

   79 0075 a7 01                SUBI,R3   1

   80 0077 18 00                BCTR,UN   LLIN

   81 0079 e4 00         ALIN   COMI,R0   CR

   82 007b 98 00                BCFR,EQ   BLIN

   83 007d 05 01         ELIN   LODI,R1   1

   84 007f 00            CLIN   LODZ      R3

   85 0080 18 00                BCTR,N    DLIN

   86 0082 85 02                ADDI,R1   2

   87 0084 cd 00 00      DLIN   STRA,R1   CODE

   88 0087 cf 00 00             STRA,R3   CNT

   89 008a 04 00         CRLF   LODI,R0   CR

   90 008c 3c 00 00             BSTA,UN   COUT

   91 008f 04 00                LODI,R0   LF

   92 0091 3c 00 00             BSTA,UN   COUT

   93 0094 14                   RETC,UN

   94 0095 05 02         BLIN   LODI,R1   2

   95 0097 e4 00                COMI,R0   LF

   96 0099 18 00                BCTR,EQ   CLIN

   97 009b cc 00 00             STRA,R0   BUFF,R3,+ ; Store char and echo

   98 009e 3c 00 00             BSTA,UN   COUT

   99 00a1 1c 00 00             BCTA,UN   LLIN

  100
  101
  102 00a4 cd 00 00      STRT   STRA,R1   TEMP

  103 00a7 ce 00 00             STRA,R2   TEMP+1

  104 00aa 14                   RETC,UN

  105
  106 00ab 3c 00 00      ALTE   BSTA,UN   GNUM

  107 00ae 38 00         LALT   BSTR,UN   STRT

  108 00b0 3c 00 00             BSTA,UN   BOUT

  109 00b3 0d 00 00             LODA,R1   TEMP+1

  110 00b6 3c 00 00             BSTA,UN   BOUT

  111 00b9 3c 00 00             BSTA,UN   FORM

  112 00bc 0d 00 00             LODA,R1   *TEMP     ; Display content

  113 00bf 3c 00 00             BSTA,UN   BOUT

  114 00c2 3c 00 00             BSTA,UN   FORM

  115 00c5 3c 00 00             BSTA,UN   LINE

  116 00c8 0c 00 00             LODA,R0   CODE

  117 00cb e4 02                COMI,R0   2

  118 00cd 1d 00 00             BCTA,LT   MBUG

  119 00d0 18 00                BCTR,EQ   DALT

  120 00d2 cc 00 00      CALT   STRA,R0   TEMR

  121 00d5 3c 00 00             BSTA,UN   GNUM

  122 00d8 ce 00 00             STRA,R2   *TEMP     ; Update contents

  123 00db 0c 00 00             LODA,R0   TEMR

  124 00de e4 04                COMI,R0   4

  125 00e0 9c 00 00             BCFA,EQ   MBUG

  126 00e3 06 01         DALT   LODI,R2   1

  127 00e5 ce 00 00             ADDA,R2   TEMP+1

  128 00e8 05 00                LODI,R1   0

  129 00ea 77 00                PPSL      WC

  130 00ec cd 00 00             ADDA,R1   TEMP

  131 00ef 79 00                CPSL      WC

  132 00f1 1c 00 00             BCTA,UN   LALT

  133
  134 00f4 3c 00 00      SREG   BSTA,UN   GNUM      ; Get index of reg

  135 00f7 e6 08         LSRE   COMI,R2   8         ; Check range

  136 00f9 1e 00 00             BCTA,GT   EBUG

  137 00fc ce 00 00             STRA,R2   TEMR

  138 00ff 0c 00 00             LODA,R0   COM,R2    ; Display contents

  139 0102 c0                   STRZ      R1

  140 0103 3c 00 00             BSTA,UN   BOUT

  141 0106 3c 00 00             BSTA,UN   FORM

  142 0109 3c 00 00             BSTA,UN   LINE

  143 010c 0c 00 00             LODA,R0   CODE

  144 010f e4 02                COMI,R0   2

  145 0111 1d 00 00             BCTA,LT   MBUG      ; CR

  146 0114 18 00                BCTR,EQ   CSRE      ; LF

  147 0116 cc 00 00      ASRE   STRA,R0   TEMQ      ; Upate contents, then

  148 0119 3c 00 00             BSTA,UN   GNUM

  149 011c 00                   LODZ      R2

  150 011d 0e 00 00             LODA,R2   TEMR

  151 0120 cc 00 00             STRA,R0   COM,R2

  152 0123 e6 08                COMI,R2   8         ; Must update PSW lower

  153 0125 98 00                BCFR,EQ   BSRE

  154 0127 cc 00 00             STRA,R0   XGOT+1

  155 012a 0c 00 00      BSRE   LODA,R0   TEMQ

  156 012d e4 03                COMI,R0   3

  157 012f 1c 00 00             BCTA,EQ   MBUG

  158 0132 0e 00 00      CSRE   LODA,R2   TEMR

  159 0135 86 01                ADDI,R2   1

  160 0137 1c 00 00             BCTA,UN   LSRE

  161
  162 013a 3c 00 00      GOTO   BSTA,UN   GNUM

  163 013d 3c 00 00             BSTA,UN   STRT      ; Put addr in RAM

  164 0140 0c 00 00             LODA,R0   COM+7

  165 0143 92                   LPSU

  166 0144 0d 00 00             LODA,R1   COM+1     ; Bank zero

  167 0147 0e 00 00             LODA,R2   COM+2

  168 014a 0f 00 00             LODA,R3   COM+3

  169 014d 77 00                PPSL      RS        ; Bank one

  170 014f 0d 00 00             LODA,R1   COM+4

  171 0152 0e 00 00             LODA,R2   COM+5

  172 0155 0f 00 00             LODA,R3   COM+6

  173 0158 0c 00 00             LODA,R0   COM

  174 015b 79 ff                CPSL      0FFH

  175 015d 1c 00 00             BCTA,UN   XGOT      ; and BCTA,UN $TEMP

  176
  177
  178 0160 cc 00 00      BK01   STRA,R0   COM       ; Entry for BKPT-1 VIA V

  179 0163 13                   SPSL

  180 0164 cc 00 00             STRA,R0   COM+8

  181 0167 cc 00 00             STRA,R0   XGOT+1    ; In RAM for reg restore

  182 016a 04 00                LODI,R0   0         ; BKPT index

  183 016c 18 00                BCTR,UN   BKEN

  184 016e cc 00 00      BK02   STRA,R0   COM       ; Entry for BKPT-2

  185 0171 13                   SPSL

  186 0172 cc 00 00             STRA,R0   COM+8

  187 0175 cc 00 00             STRA,R0   XGOT+1

  188 0178 04 01                LODI,R0   1

  189 017a cc 00 00      BKEN   STRA,R0   TEMR

  190 017d 12                   SPSU

  191 017e cc 00 00             STRA,R0   COM+7

  192 0181 77 00                PPSL      RS

  193 0183 cd 00 00             STRA,R1   COM+4

  194 0186 ce 00 00             STRA,R2   COM+5

  195 0189 cf 00 00             STRA,R3   COM+6

  196 018c 79 00                CPSL      RS        ; Force to bank zero

  197 018e cd 00 00             STRA,R1   COM+1

  198 0191 ce 00 00             STRA,R2   COM+2

  199 0194 cf 00 00             STRA,R3   COM+3

  200 0197 0e 00 00             LODA,R2   TEMR

  201 019a 38 00                BSTR,UN   CLBK

  202 019c 0d 00 00             LODA,R1   TEMP      ; Print BKPT addr

  203 019f 3c 00 00             BSTA,UN   BOUT

  204 01a2 0d 00 00             LODA,R1   TEMP+1

  205 01a5 3c 00 00             BSTA,UN   BOUT

  206 01a8 1c 00 00             BCTA,UN   MBUG

  207
  208 01ab 20            CLBK   EORZ      R0

  209 01ac cc 00 00             STRA,R0   MARK,R2

  210 01af 0c 00 00             LODA,R0   HADR,R2

  211 01b2 cc 00 00             STRA,R0   TEMP

  212 01b5 0c 00 00             LODA,R0   LADR,R2

  213 01b8 cc 00 00             STRA,R0   TEMP+1

  214 01bb 0c 00 00             LODA,R0   HDAT,R2

  215 01be cc 00 00             STRA,R0   *TEMP

  216 01c1 0c 00 00             LODA,R0   LDAT,R2

  217 01c4 07 01                LODI,R3   1

  218 01c6 cc 00 00             STRA,R0   *TEMP,R3

  219 01c9 14                   RETC,UN

  220
  221
  222 01ca 38 00         CLR    BSTR,UN   NOK

  223 01cc 0c 00 00             LODA,R0   MARK,R2   ; Clear it if set

  224 01cf 1c 00 00             BCTA,Z    EBUG

  225 01d2 38 00                BSTR,UN   CLBK

  226 01d4 1c 00 00             BCTA,UN   MBUG

  227 01d7 3c 00 00      NOK    BSTA,UN   GNUM      ; Check range on BKPT number

  228 01da a6 01                SUBI,R2   1

  229 01dc 1c 00 00             BCTA,N    ABRT

  230 01df e6 00                COMI,R2   BMAX

  231 01e1 1e 00 00             BCTA,GT   ABRT

  232 01e4 14                   RETC,UN

  233 01e5 38 00         BKPT   BSTR,UN   NOK

  234 01e7 0c 00 00             LODA,R0   MARK,R2

  235 01ea bc 00 00             BSFA,Z    CLBK      ; Clear existing

  236 01ed ce 00 00             STRA,R2   TEMR

  237 01f0 3c 00 00             BSTA,UN   GNUM      ; Get BKPT addr

  238 01f3 3c 00 00             BSTA,UN   STRT      ; Subr to store r1-r2 in

  239 01f6 0f 00 00             LODA,R3   TEMR

  240 01f9 00                   LODZ      R2

  241 01fa cc 00 00             STRA,R0   LADR,R3

  242 01fd 00                   LODZ      R1

  243 01fe cc 00 00             STRA,R0   HADR,R3

  244 0201 0c 00 00             LODA,R0   *TEMP     ; Save contents

  245 0204 cc 00 00             STRA,R0   HDAT,R3

  246 0207 05 9b                LODI,R1   9BH       ; = ZBBR

  247 0209 cd 00 00             STRA,R1   *TEMP

  248 020c 06 01                LODI,R2   1

  249 020e 0c 00 00             LODA,R0   *TEMP,R2

  250 0211 cc 00 00             STRA,R0   LDAT,R3

  251 0214 0c 00 00             LODA,R0   DISP,R3

  252 0217 cc 00 00             STRA,R0   *TEMP,R2

  253 021a 04 ff                LODI,R0   0FFH      ; -1

  254 021c cc 00 00             STRA,R0   MARK, R3

  255 021f 1c 00 00             BCTA,UN   MBUG

  256 0222 00            DISP   DB        VEC+80H

  257 0223 00                   DB        VEC+80H+2

  258
  259
  260 0224 3c 00 00      BIN    BSTA,UN   CHIN

  261 0227 38 00                BSTR,UN   LKUP

  262 0229 d3                   RRL,R3

  263 022a d3                   RRL,R3

  264 022b d3                   RRL,R3

  265 022c d3                   RRL,R3

  266 022d cf 00 00             STRA,R3   TEMS

  267 0230 3c 00 00             BSTA,UN   CHIN

  268 0233 38 00                BSTR,UN   LKUP

  269 0235 6f 00 00             IORA,R3   TEMS

  270 0238 00                   LODZ      R3

  271 0239 c0                   STRZ      R1

  272 023a 38 00                BSTR,UN   CBCC

  273 023c 14                   RETC,UN

  274
  275 023d 00            CBCC   LODZ      R1

  276 023e 2c 00 00             EORA,R0   BCC

  277 0241 d0                   RRL,R0

  278 0242 cc 00 00             STRA,R0   BCC

  279 0245 14                   RETC,UN

  280
  281 0246 07 10         LKUP   LODI,R3   16

  282 0248 ec 00 00      ALKU   COMA,R0   ANSI,R3,-

  283 024b 14                   RETC,EQ

  284 024c e7 01                COMI,R3   1

  285 024e 99 00                BCFR,LT   ALKU

  286
  287
  288 0250 0c 00 00      ABRT   LODA,R0   COM+7

  289 0253 64 40                IORI,R0   40H

  290 0255 12                   SPSU

  291 0256 1c 00 00             BCTA,UN   EBUG

  292 0259 00            ANSI   DB        '0123'

  293 025a 00                   DB        '4567'

  294 025b 00                   DB        '89AB'

  295 025c 00                   DB        'CDEF'

  296
  297 025d cd 00 00      BOUT   STRA,R1   TEMS

  298 0260 38 00                BSTR,UN   CBCC

  299 0262 51                   RRR,R1

  300 0263 51                   RRR,R1

  301 0264 51                   RRR,R1

  302 0265 51                   RRR,R1

  303 0266 45 0f                ANDI,R1   0FH

  304 0268 0c 00 00             LODA,R0   ANSI,R1

  305 026b 3c 00 00             BSTA,UN   COUT

  306 026e 0d 00 00             LODA,R1   TEMS

  307 0271 45 0f                ANDI,R1   0FH

  308 0273 0c 00 00             LODA,R0   ANSI,R1

  309 0276 3c 00 00             BSTA,UN   COUT

  310 0279 14                   RETC,UN

  311
  312 027a 77 00         CHIN   PPSL      RS

  313 027c 04 80                LODI,R0   80H

  314 027e b0                   WRTC,R0

  315 027f 05 00                LODI,R1   0

  316 0281 06 08                LODI,R2   8

  317 0283 12            ACHI   SPSU

  318 0284 19 00                BCTR,LT   CHIN

  319 0286 20                   EORZ      R0

  320 0287 b0                   WRTC,R0

  321 0288 38 00                BSTR,UN   DLY

  322 028a 38 00         BCHI   BSTR,UN   DLAY

  323 028c 12                   SPSU

  324 028d 44 80                ANDI,R0   80H

  325 028f 51                   RRR,R1

  326 0290 60                   IORZ      R1

  327 0291 c0                   STRZ      R1

  328 0292 fa 00                BDRR,R2   BCHI

  329 0294 38 00                BSTR,UN   DLAY

  330 0296 45 7f                ANDI,R1   7FH       ; Delete parity bit

  331 0298 00                   LODZ      R1

  332 0299 79 00                CPSL      RS+WC

  333 029b 14                   RETC,UN

  334
  335 029c 20            DLAY   EORZ      R0

  336 029d f8 00                BDRR,R0   $

  337 029f f8 00                BDRR,R0   $

  338 02a1 f8 00         DLY    BDRR,R0   $

  339 02a3 04 e5                LODI,R0   0E5H

  340 02a5 f8 00                BDRR,R0   $

  341 02a7 14                   RETC,UN

  342
  343 02a8 77 00         COUT   PPSL      RS

  344 02aa 76 00                PPSU      FLAG

  345 02ac c0                   STRZ      R2

  346 02ad 05 08                LODI,R1   8

  347 02af 38 00                BSTR,UN   DLAY

  348 02b1 38 00                BSTR,UN   DLAY

  349 02b3 78 00                CPSU      FLAG

  350 02b5 38 00         ACOU   BSTR,UN   DLAY

  351 02b7 52                   RRR,R2

  352 02b8 19 00                BCTR,LT   ONE

  353 02ba 78 00                CPSU      FLAG

  354 02bc 18 00                BCTR,UN   ZERO

  355 02be 76 00         ONE    PPSU      FLAG

  356 02c0 f9 00         ZERO   BDRR,R1   ACOU

  357 02c2 38 00                BSTR,UN   DLAY

  358 02c4 76 00                PPSU      FLAG

  359 02c6 79 00                CPSL      RS

  360 02c8 14                   RETC,UN

  361
  362
  363 02c9 0c 00 00      DNUM   LODA,R0   CODE

  364 02cc 18 00                BCTR,Z    LNUM      ; Skip spaces until EOB

  365 02ce 14                   RETC,UN             ; or space ending number

  366 02cf 20            GNUM   EORZ      R0

  367 02d0 c0                   STRZ      R1

  368 02d1 c0                   STRZ      R2

  369 02d2 cc 00 00             STRA,R0   CODE

  370 02d5 0f 00 00      LNUM   LODA,R3   BPTR

  371 02d8 ef 00 00             COMA,R3   CNT       ; Check for EOB

  372 02db 14                   RETC,EQ

  373 02dc 0c 00 00             LODA,R0   BUFF,R3,+ ; Get char

  374 02df cf 00 00             STRA,R3   BPTR

  375 02e2 e4 00                COMI,R0   SPAC

  376 02e4 18 00                BCTR,EQ   DNUM

  377 02e6 3c 00 00      BNUM   BSTA,UN   LKUP

  378 02e9 04 0f         CNUM   LODI,R0   0FH       ; R1=AB R2=DD

  379 02eb d2                   RRL,R2

  380 02ec d2                   RRL,R2

  381 02ed d2                   RRL,R2

  382 02ee d2                   RRL,R2

  383 02ef 40                   ANDZ      R2

  384 02f0 d1                   RRL,R1

  385 02f1 d1                   RRL,R1

  386 02f2 d1                   RRL,R1

  387 02f3 d1                   RRL,R1

  388 02f4 45 00                ANDI,R1   0F0H;

  389 02f6 46 f0                ANDI,R2   0F0H      ; R0=C R1=B0 R2=D0 R3=V

  390 02f8 60                   IORZ      R1

  391 02f9 c0                   STRZ      R1

  392 02fa 00                   LODZ      R3

  393 02fb 60                   IORZ      R2

  394 02fc c0                   STRZ      R2        ; R1=BC R2=DV

  395 02fd 04 01                LODI,R0   1

  396 02ff cc 00 00             STRA,R0   CODE

  397 0302 18 00                BCTR,UN   LNUM

  398
  399 0304 38 00         DUMP   BSTR,UN   GNUM      ; Start address

  400 0306 3c 00 00             BSTA,UN   STRT

  401 0309 38 00                BSTR,UN   GNUM

  402 030b 86 01                ADDI,R2   1

  403 030d 77 00                PPSL      WC

  404 030f 85 00                ADDI,R1   0

  405 0311 79 00                CPSL      WC        ; Make end addr not incl

  406 0313 cd 00 00             STRA,R1   TEMQ

  407 0316 ce 00 00             STRA,R2   TEMQ+1

  408 0319 38 00         FDUM   BSTR,UN   GAP

  409 031b 04 ff                LODI,R0   0FFH      ; -1

  410 031d cc 00 00             STRA,R0   CNT

  411 0320 3c 00 00             BSTA,UN   CRLF      ; Punch for CR/LF and star

  412 0323 04 00                LODI,R0   STAR

  413 0325 3c 00 00             BSTA,UN   COUT

  414 0328 20                   EORZ      R0

  415 0329 cc 00 00             STRA,R0   BCC

  416 032c 0d 00 00             LODA,R1   TEMQ

  417 032f 0e 00 00             LODA,R2   TEMQ+1

  418 0332 ae 00 00             SUBA,R2   TEMP+1    ; Get byte count

  419 0335 77 00                PPSL      WC

  420 0337 ad 00 00             SUBA,R1   TEMP

  421 033a 79 00                CPSL      WC

  422 033c 1c 00 00             BCTA,N    EBUG      ; Start > end addr

  423 033f 18 00                BCTR,P    ADUM      ; Cnt > normal block size

  424 0341 5a 00                BRNR,R2   BDUM      ; This is short block

  425 0343 07 04                LODI,R3   4         ; EOF. Punch zero blk

  426 0345 3c 00 00      CDUM   BSTA,UN   BOUT

  427 0348 fb 00                BDRR,R3   CDUM

  428 034a 38 00                BSTR,UN   GAP

  429 034c 1c 00 00             BCTA,UN   MBUG

  430
  431 034f 07 03         FORM   LODI,R3   3

  432 0351 18 00                BCTR,UN   AGAP

  433 0353 07 32         GAP    LODI,R3   50

  434 0355 04 00         AGAP   LODI,R0   SPAC

  435 0357 3c 00 00             BSTA,UN   COUT

  436 035a fb 00                BDRR,R3   AGAP

  437 035c 14                   RETC,UN

  438 035d 06 ff         ADUM   LODI,R2   255

  439 035f ce 00 00      BDUM   STRA,R2   MCNT

  440 0362 0d 00 00             LODA,R1   TEMP      ; Starting address

  441 0365 3c 00 00             BSTA,UN   BOUT

  442 0368 0d 00 00             LODA,R1   TEMP+1

  443 036b 3c 00 00             BSTA,UN   BOUT

  444 036e 0d 00 00             LODA,R1   MCNT      ; Count of data bytes in

  445 0371 3c 00 00             BSTA,UN   BOUT

  446 0374 0d 00 00             LODA,R1   BCC

  447 0377 3c 00 00             BSTA,UN   BOUT

  448 037a 0f 00 00      DDUM   LODA,R3   CNT

  449 037d 0c 00 00             LODA,R0   *TEMP,R3,+

  450 0380 ef 00 00             COMA,R3   MCNT

  451 0383 18 00                BCTR,EQ   EDUM      ; Output BCC

  452 0385 cf 00 00             STRA,R3   CNT

  453 0388 c0                   STRZ      R1

  454 0389 3c 00 00             BSTA,UN   BOUT

  455 038c 18 00                BCTR,UN   DDUM

  456 038e 0d 00 00      EDUM   LODA,R1   BCC

  457 0391 3c 00 00             BSTA,UN   BOUT

  458 0394 0e 00 00             LODA,R2   TEMP+1

  459 0397 ce 00 00             ADDA,R2   MCNT

  460 039a 05 00                LODI,R1   0

  461 039c 77 00                PPSL      WC

  462 039e cd 00 00             ADDA,R1   TEMP

  463 03a1 79 00                CPSL      WC

  464 03a3 3c 00 00             BSTA,UN   STRT

  465 03a6 1c 00 00             BCTA,UN   FDUM

  466
  467 03a9 3c 00 00      LOAD   BSTA,UN   CHIN      ; Look for start char

  468 03ac e4 00                COMI,R0   STAR

  469 03ae 98 00                BCFR,EQ   LOAD

  470 03b0 20                   EORZ      R0

  471 03b1 cc 00 00             STRA,R0   BCC

  472 03b4 3c 00 00             BSTA,UN   BIN       ; Read addr and count in

  473 03b7 cd 00 00             STRA,R1   TEMP

  474 03ba 3c 00 00             BSTA,UN   BIN

  475 03bd cd 00 00             STRA,R1   TEMP+1

  476 03c0 3c 00 00             BSTA,UN   BIN

  477 03c3 59 00                BRNR,R1   ALOA

  478 03c5 1c 00 00             BCTA,UN   *TEMP

  479 03c8 cd 00 00      ALOA   STRA,R1   MCNT

  480 03cb 3c 00 00             BSTA,UN   BIN       ; Check BCC on information

  481 03ce 0c 00 00             LODA,R0   BCC

  482 03d1 9c 00 00             BCFA,Z    EBUG

  483 03d4 c0                   STRZ      R3        ; Read data

  484 03d5 cf 00 00      BLOA   STRA,R3   CNT

  485 03d8 3c 00 00             BSTA,UN   BIN

  486 03db 0f 00 00             LODA,R3   CNT

  487 03de ef 00 00             COMA,R3   MCNT

  488 03e1 18 00                BCTR,EQ   CLOA      ; Have read BCC

  489 03e3 00                   LODZ      R1

  490 03e4 cc 00 00             STRA,R0   *TEMP,R3  ; Store data

  491 03e7 db 00                BIRR,R3   BLOA

  492 03e9 0c 00 00      CLOA   LODA,R0   BCC

  493 03ec 9c 00 00             BCFA,Z    EBUG

  494 03ef 1c 00 00             BCTA,UN   LOAD

  495
  496 0400                      ORG       0400H
  497
  498 03f2 00 00 00 00   COM    DS        9

           00 00 00 00 
           00          
  499 03fb 00 00         XGOT   DS        2         ; PPSL      0

  500 03fd 00 00                DS        2         ; BCTR,UN   *$+2

  501
  502 03ff 00 00         TEMP   DS        2

  503 0401 00 00         TEMQ   DS        2

  504 0403 00            TEMR   DS        1

  505 0404 00            TEMS   DS        1

  506 0405               BUFF   DS        BLEN
  507 0405 00            BPTR   DS        1

  508 0406 00            MCNT   DS        1

  509 0407 00            CNT    DS        1

  510 0408 00            CODE   DS        1

  511 0409 00            OKGO   DS        1

  512 040a 00            BCC    DS        1

  513 040b               MARK   DS        BMAX+1
  514 040b               HDAT   DS        BMAX+1
  515 040b               LDAT   DS        BMAX+1
  516 040b               HADR   DS        BMAX+1
  517 040b               LADR   DS        BMAX+1
  518 040b               END
